// Jest Snapshot v1, https://goo.gl/fbAQLP

exports[`Autocomplete renders correctly 1`] = `ShallowWrapper {}`;
